<http://example.org/stuff/1.0/a> <http://example.org/stuff/1.0/b> _:genid1 .
_:genid1 <http://example.org/stuff/1.0/c> _:genid2 .
_:genid2 <http://www.w3.org/1999/02/22-rdf-syntax-ns#first> "apple" .
_:genid2 <http://www.w3.org/1999/02/22-rdf-syntax-ns#rest> _:genid3 .
_:genid3 <http://www.w3.org/1999/02/22-rdf-syntax-ns#first> "banana" .
_:genid3 <http://www.w3.org/1999/02/22-rdf-syntax-ns#rest> <http://www.w3.org/1999/02/22-rdf-syntax-ns#nil> .
