<http://example.org/base#subj> <http://example.org/base#pred> _:genid1 .
_:genid1 <http://www.w3.org/1999/02/22-rdf-syntax-ns#type> <http://example.org/base#FirstThing> .
<http://example.org/base#subj> <http://example.org/base#pred> _:genid2 .
_:genid2 <http://www.w3.org/1999/02/22-rdf-syntax-ns#type> <http://example.org/base#SecondThing> .
